long 1 : passed
long 2 : passed
long 3 : passed
long 4 : passed
noarith printundef1 : passed
noarith printundef2 : passed
noarith printundef2same : passed
noarith read1 : passed
noarith read2 : passed
noarith read2same : passed
noarith read3 : passed
noarith read3same : passed
noarith readprint1 : passed
noarith readprint2 : passed
noarith readprint2same : passed
noarith readprint3 : passed
noarith readprint3same : passed
noarith readprintreadprint2 : passed
noarith readprintreadprint2same : passed
noarith readprintreadprint3 : passed
noarith readprintreadprint3same : passed
singleop div : passed
singleop minus : passed
singleop missingargbinop : passed
singleop missingarguniop : passed
singleop mod : passed
singleop mult : passed
singleop neg : passed
singleop plus : passed
singleop undefvarbinop : passed
singleop undefvaruniop : passed
singleop unknownbinop : passed
singleop unknownuniop : passed
singleop : 12 / 12
noarith : 17 / 17
long : 4 / 4
total : 33 / 33
