The quick brown fox jumps over b lbzy dog.
The wizbrd quickly jinxed the gnomes before they vbpourized.
