The quick foo barrown fox jumps over a lazy dog.
The wizard quickly jinxed the gnomes foo barefore they vapourized.
