The quik brown fox jumps over a lazy dog.
The wizard quikly jinxed the gnomes before they vapourized.
