build nl : passed
nl 1 : passed
nl 2 : passed
nl 3 : passed
nl 4 : passed
nl : 4 / 4
build : 1 / 1
total : 5 / 5
