     1	The quick brown fox jumps over a lazy dog.
     2	The wizard quickly jinxed the gnomes before they vapourized.
